TimeQuest Timing Analyzer report for lab05step1
Thu Jun  9 15:00:14 2016
Quartus II 64-Bit Version 12.1 Build 243 01/31/2013 Service Pack 1 SJ Full Version


---------------------
; Table of Contents ;
---------------------
  1. Legal Notice
  2. TimeQuest Timing Analyzer Summary
  3. Parallel Compilation
  4. Clocks
  5. Slow Model Fmax Summary
  6. Slow Model Setup Summary
  7. Slow Model Hold Summary
  8. Slow Model Recovery Summary
  9. Slow Model Removal Summary
 10. Slow Model Minimum Pulse Width Summary
 11. Propagation Delay
 12. Minimum Propagation Delay
 13. Fast Model Setup Summary
 14. Fast Model Hold Summary
 15. Fast Model Recovery Summary
 16. Fast Model Removal Summary
 17. Fast Model Minimum Pulse Width Summary
 18. Propagation Delay
 19. Minimum Propagation Delay
 20. Multicorner Timing Analysis Summary
 21. Progagation Delay
 22. Minimum Progagation Delay
 23. Clock Transfers
 24. Report TCCS
 25. Report RSKM
 26. Unconstrained Paths
 27. TimeQuest Timing Analyzer Messages



----------------
; Legal Notice ;
----------------
Copyright (C) 1991-2012 Altera Corporation
Your use of Altera Corporation's design tools, logic functions 
and other software and tools, and its AMPP partner logic 
functions, and any output files from any of the foregoing 
(including device programming or simulation files), and any 
associated documentation or information are expressly subject 
to the terms and conditions of the Altera Program License 
Subscription Agreement, Altera MegaCore Function License 
Agreement, or other applicable license agreement, including, 
without limitation, that your use is for the sole purpose of 
programming logic devices manufactured by Altera and sold by 
Altera or its authorized distributors.  Please refer to the 
applicable agreement for further details.



+---------------------------------------------------------------------------------------+
; TimeQuest Timing Analyzer Summary                                                     ;
+--------------------+------------------------------------------------------------------+
; Quartus II Version ; Version 12.1 Build 243 01/31/2013 Service Pack 1 SJ Full Version ;
; Revision Name      ; lab05step1                                                       ;
; Device Family      ; Cyclone II                                                       ;
; Device Name        ; EP2C35F672C6                                                     ;
; Timing Models      ; Final                                                            ;
; Delay Model        ; Combined                                                         ;
; Rise/Fall Delays   ; Unavailable                                                      ;
+--------------------+------------------------------------------------------------------+


+------------------------------------------+
; Parallel Compilation                     ;
+----------------------------+-------------+
; Processors                 ; Number      ;
+----------------------------+-------------+
; Number detected on machine ; 8           ;
; Maximum allowed            ; 4           ;
;                            ;             ;
; Average used               ; 1.00        ;
; Maximum used               ; 1           ;
;                            ;             ;
; Usage by Processor         ; % Time Used ;
;     1 processor            ; 100.0%      ;
;     2-8 processors         ;   0.0%      ;
+----------------------------+-------------+


----------
; Clocks ;
----------
No clocks to report.


---------------------------
; Slow Model Fmax Summary ;
---------------------------
No paths to report.


----------------------------
; Slow Model Setup Summary ;
----------------------------
No paths to report.


---------------------------
; Slow Model Hold Summary ;
---------------------------
No paths to report.


-------------------------------
; Slow Model Recovery Summary ;
-------------------------------
No paths to report.


------------------------------
; Slow Model Removal Summary ;
------------------------------
No paths to report.


------------------------------------------
; Slow Model Minimum Pulse Width Summary ;
------------------------------------------
No paths to report.


+--------------------------------------------------------------+
; Propagation Delay                                            ;
+------------+-------------+--------+--------+--------+--------+
; Input Port ; Output Port ; RR     ; RF     ; FR     ; FF     ;
+------------+-------------+--------+--------+--------+--------+
; SW02       ; Hex4_0      ; 6.707  ; 6.707  ; 6.707  ; 6.707  ;
; SW02       ; Hex4_1      ; 6.723  ; 6.723  ; 6.723  ; 6.723  ;
; SW02       ; Hex4_2      ; 6.714  ; 6.714  ; 6.714  ; 6.714  ;
; SW02       ; Hex4_3      ; 6.982  ; 6.982  ; 6.982  ; 6.982  ;
; SW02       ; Hex4_4      ; 6.888  ;        ;        ; 6.888  ;
; SW02       ; Hex4_5      ; 6.999  ;        ;        ; 6.999  ;
; SW02       ; Hex4_6      ; 7.028  ; 7.028  ; 7.028  ; 7.028  ;
; SW03       ; Hex4_0      ; 6.353  ; 6.353  ; 6.353  ; 6.353  ;
; SW03       ; Hex4_1      ; 6.353  ; 6.353  ; 6.353  ; 6.353  ;
; SW03       ; Hex4_2      ; 6.359  ; 6.359  ; 6.359  ; 6.359  ;
; SW03       ; Hex4_3      ; 6.615  ; 6.615  ; 6.615  ; 6.615  ;
; SW03       ; Hex4_4      ; 6.516  ; 6.516  ; 6.516  ; 6.516  ;
; SW03       ; Hex4_5      ; 6.636  ; 6.636  ; 6.636  ; 6.636  ;
; SW03       ; Hex4_6      ; 6.665  ; 6.665  ; 6.665  ; 6.665  ;
; SW04       ; Hex4_0      ; 6.572  ; 6.572  ; 6.572  ; 6.572  ;
; SW04       ; Hex4_1      ; 6.585  ;        ;        ; 6.585  ;
; SW04       ; Hex4_2      ; 6.583  ; 6.583  ; 6.583  ; 6.583  ;
; SW04       ; Hex4_3      ; 6.840  ; 6.840  ; 6.840  ; 6.840  ;
; SW04       ; Hex4_4      ; 6.745  ; 6.745  ; 6.745  ; 6.745  ;
; SW04       ; Hex4_5      ; 6.831  ; 6.831  ; 6.831  ; 6.831  ;
; SW04       ; Hex4_6      ; 6.889  ; 6.889  ; 6.889  ; 6.889  ;
; SW05       ; Hex4_0      ; 6.444  ; 6.444  ; 6.444  ; 6.444  ;
; SW05       ; Hex4_1      ; 6.487  ; 6.487  ; 6.487  ; 6.487  ;
; SW05       ; Hex4_2      ; 6.474  ; 6.474  ; 6.474  ; 6.474  ;
; SW05       ; Hex4_3      ; 6.746  ; 6.746  ; 6.746  ; 6.746  ;
; SW05       ; Hex4_4      ; 6.622  ; 6.622  ; 6.622  ; 6.622  ;
; SW05       ; Hex4_5      ; 6.732  ; 6.732  ; 6.732  ; 6.732  ;
; SW05       ; Hex4_6      ; 6.792  ; 6.792  ; 6.792  ; 6.792  ;
; SW06       ; Hex5_0      ; 6.910  ; 6.910  ; 6.910  ; 6.910  ;
; SW06       ; Hex5_1      ; 6.990  ; 6.990  ; 6.990  ; 6.990  ;
; SW06       ; Hex5_2      ; 6.990  ; 6.990  ; 6.990  ; 6.990  ;
; SW06       ; Hex5_3      ; 6.749  ; 6.749  ; 6.749  ; 6.749  ;
; SW06       ; Hex5_4      ; 6.708  ;        ;        ; 6.708  ;
; SW06       ; Hex5_5      ; 6.713  ;        ;        ; 6.713  ;
; SW06       ; Hex5_6      ; 6.980  ; 6.980  ; 6.980  ; 6.980  ;
; SW07       ; Hex5_0      ; 6.712  ; 6.712  ; 6.712  ; 6.712  ;
; SW07       ; Hex5_1      ; 6.791  ; 6.791  ; 6.791  ; 6.791  ;
; SW07       ; Hex5_2      ; 6.793  ; 6.793  ; 6.793  ; 6.793  ;
; SW07       ; Hex5_3      ; 6.562  ; 6.562  ; 6.562  ; 6.562  ;
; SW07       ; Hex5_4      ; 6.531  ; 6.531  ; 6.531  ; 6.531  ;
; SW07       ; Hex5_5      ; 6.536  ; 6.536  ; 6.536  ; 6.536  ;
; SW07       ; Hex5_6      ; 6.794  ; 6.794  ; 6.794  ; 6.794  ;
; SW08       ; Hex5_0      ; 6.978  ; 6.978  ; 6.978  ; 6.978  ;
; SW08       ; Hex5_1      ; 7.059  ;        ;        ; 7.059  ;
; SW08       ; Hex5_2      ; 7.059  ; 7.059  ; 7.059  ; 7.059  ;
; SW08       ; Hex5_3      ; 6.814  ; 6.814  ; 6.814  ; 6.814  ;
; SW08       ; Hex5_4      ; 6.773  ; 6.773  ; 6.773  ; 6.773  ;
; SW08       ; Hex5_5      ; 6.782  ; 6.782  ; 6.782  ; 6.782  ;
; SW08       ; Hex5_6      ; 7.048  ; 7.048  ; 7.048  ; 7.048  ;
; SW09       ; Hex5_0      ; 7.103  ; 7.103  ; 7.103  ; 7.103  ;
; SW09       ; Hex5_1      ; 7.181  ; 7.181  ; 7.181  ; 7.181  ;
; SW09       ; Hex5_2      ; 7.182  ; 7.182  ; 7.182  ; 7.182  ;
; SW09       ; Hex5_3      ; 6.915  ; 6.915  ; 6.915  ; 6.915  ;
; SW09       ; Hex5_4      ; 6.907  ; 6.907  ; 6.907  ; 6.907  ;
; SW09       ; Hex5_5      ; 6.910  ; 6.910  ; 6.910  ; 6.910  ;
; SW09       ; Hex5_6      ; 7.174  ; 7.174  ; 7.174  ; 7.174  ;
; SW10       ; Hex6_0      ; 4.947  ; 4.947  ; 4.947  ; 4.947  ;
; SW10       ; Hex6_1      ; 5.061  ; 5.061  ; 5.061  ; 5.061  ;
; SW10       ; Hex6_2      ; 5.070  ; 5.070  ; 5.070  ; 5.070  ;
; SW10       ; Hex6_3      ; 5.391  ; 5.391  ; 5.391  ; 5.391  ;
; SW10       ; Hex6_4      ; 5.379  ;        ;        ; 5.379  ;
; SW10       ; Hex6_5      ; 5.360  ;        ;        ; 5.360  ;
; SW10       ; Hex6_6      ; 5.378  ; 5.378  ; 5.378  ; 5.378  ;
; SW11       ; Hex6_0      ; 4.857  ; 4.857  ; 4.857  ; 4.857  ;
; SW11       ; Hex6_1      ; 4.971  ; 4.971  ; 4.971  ; 4.971  ;
; SW11       ; Hex6_2      ; 4.980  ; 4.980  ; 4.980  ; 4.980  ;
; SW11       ; Hex6_3      ; 5.304  ; 5.304  ; 5.304  ; 5.304  ;
; SW11       ; Hex6_4      ; 5.310  ; 5.310  ; 5.310  ; 5.310  ;
; SW11       ; Hex6_5      ; 5.288  ; 5.288  ; 5.288  ; 5.288  ;
; SW11       ; Hex6_6      ; 5.303  ; 5.303  ; 5.303  ; 5.303  ;
; SW12       ; Hex6_0      ; 5.133  ; 5.133  ; 5.133  ; 5.133  ;
; SW12       ; Hex6_1      ; 5.247  ;        ;        ; 5.247  ;
; SW12       ; Hex6_2      ; 5.256  ; 5.256  ; 5.256  ; 5.256  ;
; SW12       ; Hex6_3      ; 5.573  ; 5.573  ; 5.573  ; 5.573  ;
; SW12       ; Hex6_4      ; 5.579  ; 5.579  ; 5.579  ; 5.579  ;
; SW12       ; Hex6_5      ; 5.559  ; 5.559  ; 5.559  ; 5.559  ;
; SW12       ; Hex6_6      ; 5.574  ; 5.574  ; 5.574  ; 5.574  ;
; SW13       ; Hex6_0      ; 9.701  ; 9.701  ; 9.701  ; 9.701  ;
; SW13       ; Hex6_1      ; 9.814  ; 9.814  ; 9.814  ; 9.814  ;
; SW13       ; Hex6_2      ; 9.822  ; 9.822  ; 9.822  ; 9.822  ;
; SW13       ; Hex6_3      ; 10.117 ; 10.117 ; 10.117 ; 10.117 ;
; SW13       ; Hex6_4      ; 10.133 ; 10.133 ; 10.133 ; 10.133 ;
; SW13       ; Hex6_5      ; 10.114 ; 10.114 ; 10.114 ; 10.114 ;
; SW13       ; Hex6_6      ; 10.132 ; 10.132 ; 10.132 ; 10.132 ;
; SW14       ; Hex7_0      ; 10.141 ; 10.141 ; 10.141 ; 10.141 ;
; SW14       ; Hex7_1      ; 10.141 ; 10.141 ; 10.141 ; 10.141 ;
; SW14       ; Hex7_2      ; 10.107 ; 10.107 ; 10.107 ; 10.107 ;
; SW14       ; Hex7_3      ; 10.121 ; 10.121 ; 10.121 ; 10.121 ;
; SW14       ; Hex7_4      ; 10.103 ;        ;        ; 10.103 ;
; SW14       ; Hex7_5      ; 10.413 ;        ;        ; 10.413 ;
; SW14       ; Hex7_6      ; 10.421 ; 10.421 ; 10.421 ; 10.421 ;
; SW15       ; Hex7_0      ; 9.737  ; 9.737  ; 9.737  ; 9.737  ;
; SW15       ; Hex7_1      ; 9.759  ; 9.759  ; 9.759  ; 9.759  ;
; SW15       ; Hex7_2      ; 9.728  ; 9.728  ; 9.728  ; 9.728  ;
; SW15       ; Hex7_3      ; 9.740  ; 9.740  ; 9.740  ; 9.740  ;
; SW15       ; Hex7_4      ; 9.726  ; 9.726  ; 9.726  ; 9.726  ;
; SW15       ; Hex7_5      ; 10.033 ; 10.033 ; 10.033 ; 10.033 ;
; SW15       ; Hex7_6      ; 10.045 ; 10.045 ; 10.045 ; 10.045 ;
; SW16       ; Hex7_0      ; 9.790  ; 9.790  ; 9.790  ; 9.790  ;
; SW16       ; Hex7_1      ; 9.794  ;        ;        ; 9.794  ;
; SW16       ; Hex7_2      ; 9.734  ; 9.734  ; 9.734  ; 9.734  ;
; SW16       ; Hex7_3      ; 9.780  ; 9.780  ; 9.780  ; 9.780  ;
; SW16       ; Hex7_4      ; 9.767  ; 9.767  ; 9.767  ; 9.767  ;
; SW16       ; Hex7_5      ; 10.074 ; 10.074 ; 10.074 ; 10.074 ;
; SW16       ; Hex7_6      ; 10.086 ; 10.086 ; 10.086 ; 10.086 ;
; SW17       ; Hex7_0      ; 9.511  ; 9.511  ; 9.511  ; 9.511  ;
; SW17       ; Hex7_1      ; 9.510  ; 9.510  ; 9.510  ; 9.510  ;
; SW17       ; Hex7_2      ; 9.477  ; 9.477  ; 9.477  ; 9.477  ;
; SW17       ; Hex7_3      ; 9.501  ; 9.501  ; 9.501  ; 9.501  ;
; SW17       ; Hex7_4      ; 9.489  ; 9.489  ; 9.489  ; 9.489  ;
; SW17       ; Hex7_5      ; 9.797  ; 9.797  ; 9.797  ; 9.797  ;
; SW17       ; Hex7_6      ; 9.806  ; 9.806  ; 9.806  ; 9.806  ;
+------------+-------------+--------+--------+--------+--------+


+--------------------------------------------------------------+
; Minimum Propagation Delay                                    ;
+------------+-------------+--------+--------+--------+--------+
; Input Port ; Output Port ; RR     ; RF     ; FR     ; FF     ;
+------------+-------------+--------+--------+--------+--------+
; SW02       ; Hex4_0      ; 6.707  ; 6.707  ; 6.707  ; 6.707  ;
; SW02       ; Hex4_1      ; 6.723  ; 6.723  ; 6.723  ; 6.723  ;
; SW02       ; Hex4_2      ; 6.714  ; 6.714  ; 6.714  ; 6.714  ;
; SW02       ; Hex4_3      ; 6.982  ; 6.982  ; 6.982  ; 6.982  ;
; SW02       ; Hex4_4      ; 6.888  ;        ;        ; 6.888  ;
; SW02       ; Hex4_5      ; 6.999  ;        ;        ; 6.999  ;
; SW02       ; Hex4_6      ; 7.028  ; 7.028  ; 7.028  ; 7.028  ;
; SW03       ; Hex4_0      ; 6.353  ; 6.353  ; 6.353  ; 6.353  ;
; SW03       ; Hex4_1      ; 6.353  ; 6.353  ; 6.353  ; 6.353  ;
; SW03       ; Hex4_2      ; 6.359  ; 6.359  ; 6.359  ; 6.359  ;
; SW03       ; Hex4_3      ; 6.615  ; 6.615  ; 6.615  ; 6.615  ;
; SW03       ; Hex4_4      ; 6.516  ; 6.516  ; 6.516  ; 6.516  ;
; SW03       ; Hex4_5      ; 6.636  ; 6.636  ; 6.636  ; 6.636  ;
; SW03       ; Hex4_6      ; 6.665  ; 6.665  ; 6.665  ; 6.665  ;
; SW04       ; Hex4_0      ; 6.572  ; 6.572  ; 6.572  ; 6.572  ;
; SW04       ; Hex4_1      ; 6.585  ;        ;        ; 6.585  ;
; SW04       ; Hex4_2      ; 6.583  ; 6.583  ; 6.583  ; 6.583  ;
; SW04       ; Hex4_3      ; 6.840  ; 6.840  ; 6.840  ; 6.840  ;
; SW04       ; Hex4_4      ; 6.745  ; 6.745  ; 6.745  ; 6.745  ;
; SW04       ; Hex4_5      ; 6.831  ; 6.831  ; 6.831  ; 6.831  ;
; SW04       ; Hex4_6      ; 6.889  ; 6.889  ; 6.889  ; 6.889  ;
; SW05       ; Hex4_0      ; 6.444  ; 6.444  ; 6.444  ; 6.444  ;
; SW05       ; Hex4_1      ; 6.487  ; 6.487  ; 6.487  ; 6.487  ;
; SW05       ; Hex4_2      ; 6.474  ; 6.474  ; 6.474  ; 6.474  ;
; SW05       ; Hex4_3      ; 6.746  ; 6.746  ; 6.746  ; 6.746  ;
; SW05       ; Hex4_4      ; 6.622  ; 6.622  ; 6.622  ; 6.622  ;
; SW05       ; Hex4_5      ; 6.732  ; 6.732  ; 6.732  ; 6.732  ;
; SW05       ; Hex4_6      ; 6.792  ; 6.792  ; 6.792  ; 6.792  ;
; SW06       ; Hex5_0      ; 6.910  ; 6.910  ; 6.910  ; 6.910  ;
; SW06       ; Hex5_1      ; 6.990  ; 6.990  ; 6.990  ; 6.990  ;
; SW06       ; Hex5_2      ; 6.990  ; 6.990  ; 6.990  ; 6.990  ;
; SW06       ; Hex5_3      ; 6.749  ; 6.749  ; 6.749  ; 6.749  ;
; SW06       ; Hex5_4      ; 6.708  ;        ;        ; 6.708  ;
; SW06       ; Hex5_5      ; 6.713  ;        ;        ; 6.713  ;
; SW06       ; Hex5_6      ; 6.980  ; 6.980  ; 6.980  ; 6.980  ;
; SW07       ; Hex5_0      ; 6.712  ; 6.712  ; 6.712  ; 6.712  ;
; SW07       ; Hex5_1      ; 6.791  ; 6.791  ; 6.791  ; 6.791  ;
; SW07       ; Hex5_2      ; 6.793  ; 6.793  ; 6.793  ; 6.793  ;
; SW07       ; Hex5_3      ; 6.562  ; 6.562  ; 6.562  ; 6.562  ;
; SW07       ; Hex5_4      ; 6.531  ; 6.531  ; 6.531  ; 6.531  ;
; SW07       ; Hex5_5      ; 6.536  ; 6.536  ; 6.536  ; 6.536  ;
; SW07       ; Hex5_6      ; 6.794  ; 6.794  ; 6.794  ; 6.794  ;
; SW08       ; Hex5_0      ; 6.978  ; 6.978  ; 6.978  ; 6.978  ;
; SW08       ; Hex5_1      ; 7.059  ;        ;        ; 7.059  ;
; SW08       ; Hex5_2      ; 7.059  ; 7.059  ; 7.059  ; 7.059  ;
; SW08       ; Hex5_3      ; 6.814  ; 6.814  ; 6.814  ; 6.814  ;
; SW08       ; Hex5_4      ; 6.773  ; 6.773  ; 6.773  ; 6.773  ;
; SW08       ; Hex5_5      ; 6.782  ; 6.782  ; 6.782  ; 6.782  ;
; SW08       ; Hex5_6      ; 7.048  ; 7.048  ; 7.048  ; 7.048  ;
; SW09       ; Hex5_0      ; 7.103  ; 7.103  ; 7.103  ; 7.103  ;
; SW09       ; Hex5_1      ; 7.181  ; 7.181  ; 7.181  ; 7.181  ;
; SW09       ; Hex5_2      ; 7.182  ; 7.182  ; 7.182  ; 7.182  ;
; SW09       ; Hex5_3      ; 6.915  ; 6.915  ; 6.915  ; 6.915  ;
; SW09       ; Hex5_4      ; 6.907  ; 6.907  ; 6.907  ; 6.907  ;
; SW09       ; Hex5_5      ; 6.910  ; 6.910  ; 6.910  ; 6.910  ;
; SW09       ; Hex5_6      ; 7.174  ; 7.174  ; 7.174  ; 7.174  ;
; SW10       ; Hex6_0      ; 4.947  ; 4.947  ; 4.947  ; 4.947  ;
; SW10       ; Hex6_1      ; 5.061  ; 5.061  ; 5.061  ; 5.061  ;
; SW10       ; Hex6_2      ; 5.070  ; 5.070  ; 5.070  ; 5.070  ;
; SW10       ; Hex6_3      ; 5.391  ; 5.391  ; 5.391  ; 5.391  ;
; SW10       ; Hex6_4      ; 5.379  ;        ;        ; 5.379  ;
; SW10       ; Hex6_5      ; 5.360  ;        ;        ; 5.360  ;
; SW10       ; Hex6_6      ; 5.378  ; 5.378  ; 5.378  ; 5.378  ;
; SW11       ; Hex6_0      ; 4.857  ; 4.857  ; 4.857  ; 4.857  ;
; SW11       ; Hex6_1      ; 4.971  ; 4.971  ; 4.971  ; 4.971  ;
; SW11       ; Hex6_2      ; 4.980  ; 4.980  ; 4.980  ; 4.980  ;
; SW11       ; Hex6_3      ; 5.304  ; 5.304  ; 5.304  ; 5.304  ;
; SW11       ; Hex6_4      ; 5.310  ; 5.310  ; 5.310  ; 5.310  ;
; SW11       ; Hex6_5      ; 5.288  ; 5.288  ; 5.288  ; 5.288  ;
; SW11       ; Hex6_6      ; 5.303  ; 5.303  ; 5.303  ; 5.303  ;
; SW12       ; Hex6_0      ; 5.133  ; 5.133  ; 5.133  ; 5.133  ;
; SW12       ; Hex6_1      ; 5.247  ;        ;        ; 5.247  ;
; SW12       ; Hex6_2      ; 5.256  ; 5.256  ; 5.256  ; 5.256  ;
; SW12       ; Hex6_3      ; 5.573  ; 5.573  ; 5.573  ; 5.573  ;
; SW12       ; Hex6_4      ; 5.579  ; 5.579  ; 5.579  ; 5.579  ;
; SW12       ; Hex6_5      ; 5.559  ; 5.559  ; 5.559  ; 5.559  ;
; SW12       ; Hex6_6      ; 5.574  ; 5.574  ; 5.574  ; 5.574  ;
; SW13       ; Hex6_0      ; 9.701  ; 9.701  ; 9.701  ; 9.701  ;
; SW13       ; Hex6_1      ; 9.814  ; 9.814  ; 9.814  ; 9.814  ;
; SW13       ; Hex6_2      ; 9.822  ; 9.822  ; 9.822  ; 9.822  ;
; SW13       ; Hex6_3      ; 10.117 ; 10.117 ; 10.117 ; 10.117 ;
; SW13       ; Hex6_4      ; 10.133 ; 10.133 ; 10.133 ; 10.133 ;
; SW13       ; Hex6_5      ; 10.114 ; 10.114 ; 10.114 ; 10.114 ;
; SW13       ; Hex6_6      ; 10.132 ; 10.132 ; 10.132 ; 10.132 ;
; SW14       ; Hex7_0      ; 10.141 ; 10.141 ; 10.141 ; 10.141 ;
; SW14       ; Hex7_1      ; 10.141 ; 10.141 ; 10.141 ; 10.141 ;
; SW14       ; Hex7_2      ; 10.107 ; 10.107 ; 10.107 ; 10.107 ;
; SW14       ; Hex7_3      ; 10.121 ; 10.121 ; 10.121 ; 10.121 ;
; SW14       ; Hex7_4      ; 10.103 ;        ;        ; 10.103 ;
; SW14       ; Hex7_5      ; 10.413 ;        ;        ; 10.413 ;
; SW14       ; Hex7_6      ; 10.421 ; 10.421 ; 10.421 ; 10.421 ;
; SW15       ; Hex7_0      ; 9.737  ; 9.737  ; 9.737  ; 9.737  ;
; SW15       ; Hex7_1      ; 9.759  ; 9.759  ; 9.759  ; 9.759  ;
; SW15       ; Hex7_2      ; 9.728  ; 9.728  ; 9.728  ; 9.728  ;
; SW15       ; Hex7_3      ; 9.740  ; 9.740  ; 9.740  ; 9.740  ;
; SW15       ; Hex7_4      ; 9.726  ; 9.726  ; 9.726  ; 9.726  ;
; SW15       ; Hex7_5      ; 10.033 ; 10.033 ; 10.033 ; 10.033 ;
; SW15       ; Hex7_6      ; 10.045 ; 10.045 ; 10.045 ; 10.045 ;
; SW16       ; Hex7_0      ; 9.790  ; 9.790  ; 9.790  ; 9.790  ;
; SW16       ; Hex7_1      ; 9.794  ;        ;        ; 9.794  ;
; SW16       ; Hex7_2      ; 9.734  ; 9.734  ; 9.734  ; 9.734  ;
; SW16       ; Hex7_3      ; 9.780  ; 9.780  ; 9.780  ; 9.780  ;
; SW16       ; Hex7_4      ; 9.767  ; 9.767  ; 9.767  ; 9.767  ;
; SW16       ; Hex7_5      ; 10.074 ; 10.074 ; 10.074 ; 10.074 ;
; SW16       ; Hex7_6      ; 10.086 ; 10.086 ; 10.086 ; 10.086 ;
; SW17       ; Hex7_0      ; 9.511  ; 9.511  ; 9.511  ; 9.511  ;
; SW17       ; Hex7_1      ; 9.510  ; 9.510  ; 9.510  ; 9.510  ;
; SW17       ; Hex7_2      ; 9.477  ; 9.477  ; 9.477  ; 9.477  ;
; SW17       ; Hex7_3      ; 9.501  ; 9.501  ; 9.501  ; 9.501  ;
; SW17       ; Hex7_4      ; 9.489  ; 9.489  ; 9.489  ; 9.489  ;
; SW17       ; Hex7_5      ; 9.797  ; 9.797  ; 9.797  ; 9.797  ;
; SW17       ; Hex7_6      ; 9.806  ; 9.806  ; 9.806  ; 9.806  ;
+------------+-------------+--------+--------+--------+--------+


----------------------------
; Fast Model Setup Summary ;
----------------------------
No paths to report.


---------------------------
; Fast Model Hold Summary ;
---------------------------
No paths to report.


-------------------------------
; Fast Model Recovery Summary ;
-------------------------------
No paths to report.


------------------------------
; Fast Model Removal Summary ;
------------------------------
No paths to report.


------------------------------------------
; Fast Model Minimum Pulse Width Summary ;
------------------------------------------
No paths to report.


+----------------------------------------------------------+
; Propagation Delay                                        ;
+------------+-------------+-------+-------+-------+-------+
; Input Port ; Output Port ; RR    ; RF    ; FR    ; FF    ;
+------------+-------------+-------+-------+-------+-------+
; SW02       ; Hex4_0      ; 3.519 ; 3.519 ; 3.519 ; 3.519 ;
; SW02       ; Hex4_1      ; 3.534 ; 3.534 ; 3.534 ; 3.534 ;
; SW02       ; Hex4_2      ; 3.527 ; 3.527 ; 3.527 ; 3.527 ;
; SW02       ; Hex4_3      ; 3.637 ; 3.637 ; 3.637 ; 3.637 ;
; SW02       ; Hex4_4      ; 3.607 ;       ;       ; 3.607 ;
; SW02       ; Hex4_5      ; 3.657 ;       ;       ; 3.657 ;
; SW02       ; Hex4_6      ; 3.673 ; 3.673 ; 3.673 ; 3.673 ;
; SW03       ; Hex4_0      ; 3.312 ; 3.312 ; 3.312 ; 3.312 ;
; SW03       ; Hex4_1      ; 3.313 ; 3.313 ; 3.313 ; 3.313 ;
; SW03       ; Hex4_2      ; 3.320 ; 3.320 ; 3.320 ; 3.320 ;
; SW03       ; Hex4_3      ; 3.419 ; 3.419 ; 3.419 ; 3.419 ;
; SW03       ; Hex4_4      ; 3.385 ; 3.385 ; 3.385 ; 3.385 ;
; SW03       ; Hex4_5      ; 3.441 ; 3.441 ; 3.441 ; 3.441 ;
; SW03       ; Hex4_6      ; 3.459 ; 3.459 ; 3.459 ; 3.459 ;
; SW04       ; Hex4_0      ; 3.449 ; 3.449 ; 3.449 ; 3.449 ;
; SW04       ; Hex4_1      ; 3.458 ;       ;       ; 3.458 ;
; SW04       ; Hex4_2      ; 3.457 ; 3.457 ; 3.457 ; 3.457 ;
; SW04       ; Hex4_3      ; 3.561 ; 3.561 ; 3.561 ; 3.561 ;
; SW04       ; Hex4_4      ; 3.531 ; 3.531 ; 3.531 ; 3.531 ;
; SW04       ; Hex4_5      ; 3.580 ; 3.580 ; 3.580 ; 3.580 ;
; SW04       ; Hex4_6      ; 3.596 ; 3.596 ; 3.596 ; 3.596 ;
; SW05       ; Hex4_0      ; 3.355 ; 3.355 ; 3.355 ; 3.355 ;
; SW05       ; Hex4_1      ; 3.373 ; 3.373 ; 3.373 ; 3.373 ;
; SW05       ; Hex4_2      ; 3.364 ; 3.364 ; 3.364 ; 3.364 ;
; SW05       ; Hex4_3      ; 3.476 ; 3.476 ; 3.476 ; 3.476 ;
; SW05       ; Hex4_4      ; 3.446 ; 3.446 ; 3.446 ; 3.446 ;
; SW05       ; Hex4_5      ; 3.494 ; 3.494 ; 3.494 ; 3.494 ;
; SW05       ; Hex4_6      ; 3.512 ; 3.512 ; 3.512 ; 3.512 ;
; SW06       ; Hex5_0      ; 3.590 ; 3.590 ; 3.590 ; 3.590 ;
; SW06       ; Hex5_1      ; 3.604 ; 3.604 ; 3.604 ; 3.604 ;
; SW06       ; Hex5_2      ; 3.604 ; 3.604 ; 3.604 ; 3.604 ;
; SW06       ; Hex5_3      ; 3.508 ; 3.508 ; 3.508 ; 3.508 ;
; SW06       ; Hex5_4      ; 3.480 ;       ;       ; 3.480 ;
; SW06       ; Hex5_5      ; 3.479 ;       ;       ; 3.479 ;
; SW06       ; Hex5_6      ; 3.611 ; 3.611 ; 3.611 ; 3.611 ;
; SW07       ; Hex5_0      ; 3.525 ; 3.525 ; 3.525 ; 3.525 ;
; SW07       ; Hex5_1      ; 3.544 ; 3.544 ; 3.544 ; 3.544 ;
; SW07       ; Hex5_2      ; 3.544 ; 3.544 ; 3.544 ; 3.544 ;
; SW07       ; Hex5_3      ; 3.459 ; 3.459 ; 3.459 ; 3.459 ;
; SW07       ; Hex5_4      ; 3.437 ; 3.437 ; 3.437 ; 3.437 ;
; SW07       ; Hex5_5      ; 3.438 ; 3.438 ; 3.438 ; 3.438 ;
; SW07       ; Hex5_6      ; 3.563 ; 3.563 ; 3.563 ; 3.563 ;
; SW08       ; Hex5_0      ; 3.619 ; 3.619 ; 3.619 ; 3.619 ;
; SW08       ; Hex5_1      ; 3.637 ;       ;       ; 3.637 ;
; SW08       ; Hex5_2      ; 3.633 ; 3.633 ; 3.633 ; 3.633 ;
; SW08       ; Hex5_3      ; 3.541 ; 3.541 ; 3.541 ; 3.541 ;
; SW08       ; Hex5_4      ; 3.508 ; 3.508 ; 3.508 ; 3.508 ;
; SW08       ; Hex5_5      ; 3.510 ; 3.510 ; 3.510 ; 3.510 ;
; SW08       ; Hex5_6      ; 3.641 ; 3.641 ; 3.641 ; 3.641 ;
; SW09       ; Hex5_0      ; 3.692 ; 3.692 ; 3.692 ; 3.692 ;
; SW09       ; Hex5_1      ; 3.703 ; 3.703 ; 3.703 ; 3.703 ;
; SW09       ; Hex5_2      ; 3.702 ; 3.702 ; 3.702 ; 3.702 ;
; SW09       ; Hex5_3      ; 3.608 ; 3.608 ; 3.608 ; 3.608 ;
; SW09       ; Hex5_4      ; 3.582 ; 3.582 ; 3.582 ; 3.582 ;
; SW09       ; Hex5_5      ; 3.583 ; 3.583 ; 3.583 ; 3.583 ;
; SW09       ; Hex5_6      ; 3.712 ; 3.712 ; 3.712 ; 3.712 ;
; SW10       ; Hex6_0      ; 2.581 ; 2.581 ; 2.581 ; 2.581 ;
; SW10       ; Hex6_1      ; 2.627 ; 2.627 ; 2.627 ; 2.627 ;
; SW10       ; Hex6_2      ; 2.631 ; 2.631 ; 2.631 ; 2.631 ;
; SW10       ; Hex6_3      ; 2.814 ; 2.814 ; 2.814 ; 2.814 ;
; SW10       ; Hex6_4      ; 2.807 ;       ;       ; 2.807 ;
; SW10       ; Hex6_5      ; 2.785 ;       ;       ; 2.785 ;
; SW10       ; Hex6_6      ; 2.796 ; 2.796 ; 2.796 ; 2.796 ;
; SW11       ; Hex6_0      ; 2.547 ; 2.547 ; 2.547 ; 2.547 ;
; SW11       ; Hex6_1      ; 2.596 ; 2.596 ; 2.596 ; 2.596 ;
; SW11       ; Hex6_2      ; 2.600 ; 2.600 ; 2.600 ; 2.600 ;
; SW11       ; Hex6_3      ; 2.787 ; 2.787 ; 2.787 ; 2.787 ;
; SW11       ; Hex6_4      ; 2.793 ; 2.793 ; 2.793 ; 2.793 ;
; SW11       ; Hex6_5      ; 2.771 ; 2.771 ; 2.771 ; 2.771 ;
; SW11       ; Hex6_6      ; 2.779 ; 2.779 ; 2.779 ; 2.779 ;
; SW12       ; Hex6_0      ; 2.667 ; 2.667 ; 2.667 ; 2.667 ;
; SW12       ; Hex6_1      ; 2.717 ;       ;       ; 2.717 ;
; SW12       ; Hex6_2      ; 2.718 ; 2.718 ; 2.718 ; 2.718 ;
; SW12       ; Hex6_3      ; 2.904 ; 2.904 ; 2.904 ; 2.904 ;
; SW12       ; Hex6_4      ; 2.907 ; 2.907 ; 2.907 ; 2.907 ;
; SW12       ; Hex6_5      ; 2.885 ; 2.885 ; 2.885 ; 2.885 ;
; SW12       ; Hex6_6      ; 2.893 ; 2.893 ; 2.893 ; 2.893 ;
; SW13       ; Hex6_0      ; 5.389 ; 5.389 ; 5.389 ; 5.389 ;
; SW13       ; Hex6_1      ; 5.432 ; 5.432 ; 5.432 ; 5.432 ;
; SW13       ; Hex6_2      ; 5.435 ; 5.435 ; 5.435 ; 5.435 ;
; SW13       ; Hex6_3      ; 5.619 ; 5.619 ; 5.619 ; 5.619 ;
; SW13       ; Hex6_4      ; 5.607 ; 5.607 ; 5.607 ; 5.607 ;
; SW13       ; Hex6_5      ; 5.592 ; 5.592 ; 5.592 ; 5.592 ;
; SW13       ; Hex6_6      ; 5.601 ; 5.601 ; 5.601 ; 5.601 ;
; SW14       ; Hex7_0      ; 5.649 ; 5.649 ; 5.649 ; 5.649 ;
; SW14       ; Hex7_1      ; 5.645 ; 5.645 ; 5.645 ; 5.645 ;
; SW14       ; Hex7_2      ; 5.614 ; 5.614 ; 5.614 ; 5.614 ;
; SW14       ; Hex7_3      ; 5.615 ; 5.615 ; 5.615 ; 5.615 ;
; SW14       ; Hex7_4      ; 5.610 ;       ;       ; 5.610 ;
; SW14       ; Hex7_5      ; 5.768 ;       ;       ; 5.768 ;
; SW14       ; Hex7_6      ; 5.769 ; 5.769 ; 5.769 ; 5.769 ;
; SW15       ; Hex7_0      ; 5.456 ; 5.456 ; 5.456 ; 5.456 ;
; SW15       ; Hex7_1      ; 5.456 ; 5.456 ; 5.456 ; 5.456 ;
; SW15       ; Hex7_2      ; 5.424 ; 5.424 ; 5.424 ; 5.424 ;
; SW15       ; Hex7_3      ; 5.434 ; 5.434 ; 5.434 ; 5.434 ;
; SW15       ; Hex7_4      ; 5.421 ; 5.421 ; 5.421 ; 5.421 ;
; SW15       ; Hex7_5      ; 5.577 ; 5.577 ; 5.577 ; 5.577 ;
; SW15       ; Hex7_6      ; 5.581 ; 5.581 ; 5.581 ; 5.581 ;
; SW16       ; Hex7_0      ; 5.498 ; 5.498 ; 5.498 ; 5.498 ;
; SW16       ; Hex7_1      ; 5.497 ;       ;       ; 5.497 ;
; SW16       ; Hex7_2      ; 5.468 ; 5.468 ; 5.468 ; 5.468 ;
; SW16       ; Hex7_3      ; 5.473 ; 5.473 ; 5.473 ; 5.473 ;
; SW16       ; Hex7_4      ; 5.468 ; 5.468 ; 5.468 ; 5.468 ;
; SW16       ; Hex7_5      ; 5.626 ; 5.626 ; 5.626 ; 5.626 ;
; SW16       ; Hex7_6      ; 5.624 ; 5.624 ; 5.624 ; 5.624 ;
; SW17       ; Hex7_0      ; 5.373 ; 5.373 ; 5.373 ; 5.373 ;
; SW17       ; Hex7_1      ; 5.373 ; 5.373 ; 5.373 ; 5.373 ;
; SW17       ; Hex7_2      ; 5.342 ; 5.342 ; 5.342 ; 5.342 ;
; SW17       ; Hex7_3      ; 5.353 ; 5.353 ; 5.353 ; 5.353 ;
; SW17       ; Hex7_4      ; 5.351 ; 5.351 ; 5.351 ; 5.351 ;
; SW17       ; Hex7_5      ; 5.504 ; 5.504 ; 5.504 ; 5.504 ;
; SW17       ; Hex7_6      ; 5.507 ; 5.507 ; 5.507 ; 5.507 ;
+------------+-------------+-------+-------+-------+-------+


+----------------------------------------------------------+
; Minimum Propagation Delay                                ;
+------------+-------------+-------+-------+-------+-------+
; Input Port ; Output Port ; RR    ; RF    ; FR    ; FF    ;
+------------+-------------+-------+-------+-------+-------+
; SW02       ; Hex4_0      ; 3.519 ; 3.519 ; 3.519 ; 3.519 ;
; SW02       ; Hex4_1      ; 3.534 ; 3.534 ; 3.534 ; 3.534 ;
; SW02       ; Hex4_2      ; 3.527 ; 3.527 ; 3.527 ; 3.527 ;
; SW02       ; Hex4_3      ; 3.637 ; 3.637 ; 3.637 ; 3.637 ;
; SW02       ; Hex4_4      ; 3.607 ;       ;       ; 3.607 ;
; SW02       ; Hex4_5      ; 3.657 ;       ;       ; 3.657 ;
; SW02       ; Hex4_6      ; 3.673 ; 3.673 ; 3.673 ; 3.673 ;
; SW03       ; Hex4_0      ; 3.312 ; 3.312 ; 3.312 ; 3.312 ;
; SW03       ; Hex4_1      ; 3.313 ; 3.313 ; 3.313 ; 3.313 ;
; SW03       ; Hex4_2      ; 3.320 ; 3.320 ; 3.320 ; 3.320 ;
; SW03       ; Hex4_3      ; 3.419 ; 3.419 ; 3.419 ; 3.419 ;
; SW03       ; Hex4_4      ; 3.385 ; 3.385 ; 3.385 ; 3.385 ;
; SW03       ; Hex4_5      ; 3.441 ; 3.441 ; 3.441 ; 3.441 ;
; SW03       ; Hex4_6      ; 3.459 ; 3.459 ; 3.459 ; 3.459 ;
; SW04       ; Hex4_0      ; 3.449 ; 3.449 ; 3.449 ; 3.449 ;
; SW04       ; Hex4_1      ; 3.458 ;       ;       ; 3.458 ;
; SW04       ; Hex4_2      ; 3.457 ; 3.457 ; 3.457 ; 3.457 ;
; SW04       ; Hex4_3      ; 3.561 ; 3.561 ; 3.561 ; 3.561 ;
; SW04       ; Hex4_4      ; 3.531 ; 3.531 ; 3.531 ; 3.531 ;
; SW04       ; Hex4_5      ; 3.580 ; 3.580 ; 3.580 ; 3.580 ;
; SW04       ; Hex4_6      ; 3.596 ; 3.596 ; 3.596 ; 3.596 ;
; SW05       ; Hex4_0      ; 3.355 ; 3.355 ; 3.355 ; 3.355 ;
; SW05       ; Hex4_1      ; 3.373 ; 3.373 ; 3.373 ; 3.373 ;
; SW05       ; Hex4_2      ; 3.364 ; 3.364 ; 3.364 ; 3.364 ;
; SW05       ; Hex4_3      ; 3.476 ; 3.476 ; 3.476 ; 3.476 ;
; SW05       ; Hex4_4      ; 3.446 ; 3.446 ; 3.446 ; 3.446 ;
; SW05       ; Hex4_5      ; 3.494 ; 3.494 ; 3.494 ; 3.494 ;
; SW05       ; Hex4_6      ; 3.512 ; 3.512 ; 3.512 ; 3.512 ;
; SW06       ; Hex5_0      ; 3.590 ; 3.590 ; 3.590 ; 3.590 ;
; SW06       ; Hex5_1      ; 3.604 ; 3.604 ; 3.604 ; 3.604 ;
; SW06       ; Hex5_2      ; 3.604 ; 3.604 ; 3.604 ; 3.604 ;
; SW06       ; Hex5_3      ; 3.508 ; 3.508 ; 3.508 ; 3.508 ;
; SW06       ; Hex5_4      ; 3.480 ;       ;       ; 3.480 ;
; SW06       ; Hex5_5      ; 3.479 ;       ;       ; 3.479 ;
; SW06       ; Hex5_6      ; 3.611 ; 3.611 ; 3.611 ; 3.611 ;
; SW07       ; Hex5_0      ; 3.525 ; 3.525 ; 3.525 ; 3.525 ;
; SW07       ; Hex5_1      ; 3.544 ; 3.544 ; 3.544 ; 3.544 ;
; SW07       ; Hex5_2      ; 3.544 ; 3.544 ; 3.544 ; 3.544 ;
; SW07       ; Hex5_3      ; 3.459 ; 3.459 ; 3.459 ; 3.459 ;
; SW07       ; Hex5_4      ; 3.437 ; 3.437 ; 3.437 ; 3.437 ;
; SW07       ; Hex5_5      ; 3.438 ; 3.438 ; 3.438 ; 3.438 ;
; SW07       ; Hex5_6      ; 3.563 ; 3.563 ; 3.563 ; 3.563 ;
; SW08       ; Hex5_0      ; 3.619 ; 3.619 ; 3.619 ; 3.619 ;
; SW08       ; Hex5_1      ; 3.637 ;       ;       ; 3.637 ;
; SW08       ; Hex5_2      ; 3.633 ; 3.633 ; 3.633 ; 3.633 ;
; SW08       ; Hex5_3      ; 3.541 ; 3.541 ; 3.541 ; 3.541 ;
; SW08       ; Hex5_4      ; 3.508 ; 3.508 ; 3.508 ; 3.508 ;
; SW08       ; Hex5_5      ; 3.510 ; 3.510 ; 3.510 ; 3.510 ;
; SW08       ; Hex5_6      ; 3.641 ; 3.641 ; 3.641 ; 3.641 ;
; SW09       ; Hex5_0      ; 3.692 ; 3.692 ; 3.692 ; 3.692 ;
; SW09       ; Hex5_1      ; 3.703 ; 3.703 ; 3.703 ; 3.703 ;
; SW09       ; Hex5_2      ; 3.702 ; 3.702 ; 3.702 ; 3.702 ;
; SW09       ; Hex5_3      ; 3.608 ; 3.608 ; 3.608 ; 3.608 ;
; SW09       ; Hex5_4      ; 3.582 ; 3.582 ; 3.582 ; 3.582 ;
; SW09       ; Hex5_5      ; 3.583 ; 3.583 ; 3.583 ; 3.583 ;
; SW09       ; Hex5_6      ; 3.712 ; 3.712 ; 3.712 ; 3.712 ;
; SW10       ; Hex6_0      ; 2.581 ; 2.581 ; 2.581 ; 2.581 ;
; SW10       ; Hex6_1      ; 2.627 ; 2.627 ; 2.627 ; 2.627 ;
; SW10       ; Hex6_2      ; 2.631 ; 2.631 ; 2.631 ; 2.631 ;
; SW10       ; Hex6_3      ; 2.814 ; 2.814 ; 2.814 ; 2.814 ;
; SW10       ; Hex6_4      ; 2.807 ;       ;       ; 2.807 ;
; SW10       ; Hex6_5      ; 2.785 ;       ;       ; 2.785 ;
; SW10       ; Hex6_6      ; 2.796 ; 2.796 ; 2.796 ; 2.796 ;
; SW11       ; Hex6_0      ; 2.547 ; 2.547 ; 2.547 ; 2.547 ;
; SW11       ; Hex6_1      ; 2.596 ; 2.596 ; 2.596 ; 2.596 ;
; SW11       ; Hex6_2      ; 2.600 ; 2.600 ; 2.600 ; 2.600 ;
; SW11       ; Hex6_3      ; 2.787 ; 2.787 ; 2.787 ; 2.787 ;
; SW11       ; Hex6_4      ; 2.793 ; 2.793 ; 2.793 ; 2.793 ;
; SW11       ; Hex6_5      ; 2.771 ; 2.771 ; 2.771 ; 2.771 ;
; SW11       ; Hex6_6      ; 2.779 ; 2.779 ; 2.779 ; 2.779 ;
; SW12       ; Hex6_0      ; 2.667 ; 2.667 ; 2.667 ; 2.667 ;
; SW12       ; Hex6_1      ; 2.717 ;       ;       ; 2.717 ;
; SW12       ; Hex6_2      ; 2.718 ; 2.718 ; 2.718 ; 2.718 ;
; SW12       ; Hex6_3      ; 2.904 ; 2.904 ; 2.904 ; 2.904 ;
; SW12       ; Hex6_4      ; 2.907 ; 2.907 ; 2.907 ; 2.907 ;
; SW12       ; Hex6_5      ; 2.885 ; 2.885 ; 2.885 ; 2.885 ;
; SW12       ; Hex6_6      ; 2.893 ; 2.893 ; 2.893 ; 2.893 ;
; SW13       ; Hex6_0      ; 5.389 ; 5.389 ; 5.389 ; 5.389 ;
; SW13       ; Hex6_1      ; 5.432 ; 5.432 ; 5.432 ; 5.432 ;
; SW13       ; Hex6_2      ; 5.435 ; 5.435 ; 5.435 ; 5.435 ;
; SW13       ; Hex6_3      ; 5.619 ; 5.619 ; 5.619 ; 5.619 ;
; SW13       ; Hex6_4      ; 5.607 ; 5.607 ; 5.607 ; 5.607 ;
; SW13       ; Hex6_5      ; 5.592 ; 5.592 ; 5.592 ; 5.592 ;
; SW13       ; Hex6_6      ; 5.601 ; 5.601 ; 5.601 ; 5.601 ;
; SW14       ; Hex7_0      ; 5.649 ; 5.649 ; 5.649 ; 5.649 ;
; SW14       ; Hex7_1      ; 5.645 ; 5.645 ; 5.645 ; 5.645 ;
; SW14       ; Hex7_2      ; 5.614 ; 5.614 ; 5.614 ; 5.614 ;
; SW14       ; Hex7_3      ; 5.615 ; 5.615 ; 5.615 ; 5.615 ;
; SW14       ; Hex7_4      ; 5.610 ;       ;       ; 5.610 ;
; SW14       ; Hex7_5      ; 5.768 ;       ;       ; 5.768 ;
; SW14       ; Hex7_6      ; 5.769 ; 5.769 ; 5.769 ; 5.769 ;
; SW15       ; Hex7_0      ; 5.456 ; 5.456 ; 5.456 ; 5.456 ;
; SW15       ; Hex7_1      ; 5.456 ; 5.456 ; 5.456 ; 5.456 ;
; SW15       ; Hex7_2      ; 5.424 ; 5.424 ; 5.424 ; 5.424 ;
; SW15       ; Hex7_3      ; 5.434 ; 5.434 ; 5.434 ; 5.434 ;
; SW15       ; Hex7_4      ; 5.421 ; 5.421 ; 5.421 ; 5.421 ;
; SW15       ; Hex7_5      ; 5.577 ; 5.577 ; 5.577 ; 5.577 ;
; SW15       ; Hex7_6      ; 5.581 ; 5.581 ; 5.581 ; 5.581 ;
; SW16       ; Hex7_0      ; 5.498 ; 5.498 ; 5.498 ; 5.498 ;
; SW16       ; Hex7_1      ; 5.497 ;       ;       ; 5.497 ;
; SW16       ; Hex7_2      ; 5.468 ; 5.468 ; 5.468 ; 5.468 ;
; SW16       ; Hex7_3      ; 5.473 ; 5.473 ; 5.473 ; 5.473 ;
; SW16       ; Hex7_4      ; 5.468 ; 5.468 ; 5.468 ; 5.468 ;
; SW16       ; Hex7_5      ; 5.626 ; 5.626 ; 5.626 ; 5.626 ;
; SW16       ; Hex7_6      ; 5.624 ; 5.624 ; 5.624 ; 5.624 ;
; SW17       ; Hex7_0      ; 5.373 ; 5.373 ; 5.373 ; 5.373 ;
; SW17       ; Hex7_1      ; 5.373 ; 5.373 ; 5.373 ; 5.373 ;
; SW17       ; Hex7_2      ; 5.342 ; 5.342 ; 5.342 ; 5.342 ;
; SW17       ; Hex7_3      ; 5.353 ; 5.353 ; 5.353 ; 5.353 ;
; SW17       ; Hex7_4      ; 5.351 ; 5.351 ; 5.351 ; 5.351 ;
; SW17       ; Hex7_5      ; 5.504 ; 5.504 ; 5.504 ; 5.504 ;
; SW17       ; Hex7_6      ; 5.507 ; 5.507 ; 5.507 ; 5.507 ;
+------------+-------------+-------+-------+-------+-------+


+----------------------------------------------------------------------------+
; Multicorner Timing Analysis Summary                                        ;
+------------------+-------+------+----------+---------+---------------------+
; Clock            ; Setup ; Hold ; Recovery ; Removal ; Minimum Pulse Width ;
+------------------+-------+------+----------+---------+---------------------+
; Worst-case Slack ; N/A   ; N/A  ; N/A      ; N/A     ; N/A                 ;
; Design-wide TNS  ; 0.0   ; 0.0  ; 0.0      ; 0.0     ; 0.0                 ;
+------------------+-------+------+----------+---------+---------------------+


+--------------------------------------------------------------+
; Progagation Delay                                            ;
+------------+-------------+--------+--------+--------+--------+
; Input Port ; Output Port ; RR     ; RF     ; FR     ; FF     ;
+------------+-------------+--------+--------+--------+--------+
; SW02       ; Hex4_0      ; 6.707  ; 6.707  ; 6.707  ; 6.707  ;
; SW02       ; Hex4_1      ; 6.723  ; 6.723  ; 6.723  ; 6.723  ;
; SW02       ; Hex4_2      ; 6.714  ; 6.714  ; 6.714  ; 6.714  ;
; SW02       ; Hex4_3      ; 6.982  ; 6.982  ; 6.982  ; 6.982  ;
; SW02       ; Hex4_4      ; 6.888  ;        ;        ; 6.888  ;
; SW02       ; Hex4_5      ; 6.999  ;        ;        ; 6.999  ;
; SW02       ; Hex4_6      ; 7.028  ; 7.028  ; 7.028  ; 7.028  ;
; SW03       ; Hex4_0      ; 6.353  ; 6.353  ; 6.353  ; 6.353  ;
; SW03       ; Hex4_1      ; 6.353  ; 6.353  ; 6.353  ; 6.353  ;
; SW03       ; Hex4_2      ; 6.359  ; 6.359  ; 6.359  ; 6.359  ;
; SW03       ; Hex4_3      ; 6.615  ; 6.615  ; 6.615  ; 6.615  ;
; SW03       ; Hex4_4      ; 6.516  ; 6.516  ; 6.516  ; 6.516  ;
; SW03       ; Hex4_5      ; 6.636  ; 6.636  ; 6.636  ; 6.636  ;
; SW03       ; Hex4_6      ; 6.665  ; 6.665  ; 6.665  ; 6.665  ;
; SW04       ; Hex4_0      ; 6.572  ; 6.572  ; 6.572  ; 6.572  ;
; SW04       ; Hex4_1      ; 6.585  ;        ;        ; 6.585  ;
; SW04       ; Hex4_2      ; 6.583  ; 6.583  ; 6.583  ; 6.583  ;
; SW04       ; Hex4_3      ; 6.840  ; 6.840  ; 6.840  ; 6.840  ;
; SW04       ; Hex4_4      ; 6.745  ; 6.745  ; 6.745  ; 6.745  ;
; SW04       ; Hex4_5      ; 6.831  ; 6.831  ; 6.831  ; 6.831  ;
; SW04       ; Hex4_6      ; 6.889  ; 6.889  ; 6.889  ; 6.889  ;
; SW05       ; Hex4_0      ; 6.444  ; 6.444  ; 6.444  ; 6.444  ;
; SW05       ; Hex4_1      ; 6.487  ; 6.487  ; 6.487  ; 6.487  ;
; SW05       ; Hex4_2      ; 6.474  ; 6.474  ; 6.474  ; 6.474  ;
; SW05       ; Hex4_3      ; 6.746  ; 6.746  ; 6.746  ; 6.746  ;
; SW05       ; Hex4_4      ; 6.622  ; 6.622  ; 6.622  ; 6.622  ;
; SW05       ; Hex4_5      ; 6.732  ; 6.732  ; 6.732  ; 6.732  ;
; SW05       ; Hex4_6      ; 6.792  ; 6.792  ; 6.792  ; 6.792  ;
; SW06       ; Hex5_0      ; 6.910  ; 6.910  ; 6.910  ; 6.910  ;
; SW06       ; Hex5_1      ; 6.990  ; 6.990  ; 6.990  ; 6.990  ;
; SW06       ; Hex5_2      ; 6.990  ; 6.990  ; 6.990  ; 6.990  ;
; SW06       ; Hex5_3      ; 6.749  ; 6.749  ; 6.749  ; 6.749  ;
; SW06       ; Hex5_4      ; 6.708  ;        ;        ; 6.708  ;
; SW06       ; Hex5_5      ; 6.713  ;        ;        ; 6.713  ;
; SW06       ; Hex5_6      ; 6.980  ; 6.980  ; 6.980  ; 6.980  ;
; SW07       ; Hex5_0      ; 6.712  ; 6.712  ; 6.712  ; 6.712  ;
; SW07       ; Hex5_1      ; 6.791  ; 6.791  ; 6.791  ; 6.791  ;
; SW07       ; Hex5_2      ; 6.793  ; 6.793  ; 6.793  ; 6.793  ;
; SW07       ; Hex5_3      ; 6.562  ; 6.562  ; 6.562  ; 6.562  ;
; SW07       ; Hex5_4      ; 6.531  ; 6.531  ; 6.531  ; 6.531  ;
; SW07       ; Hex5_5      ; 6.536  ; 6.536  ; 6.536  ; 6.536  ;
; SW07       ; Hex5_6      ; 6.794  ; 6.794  ; 6.794  ; 6.794  ;
; SW08       ; Hex5_0      ; 6.978  ; 6.978  ; 6.978  ; 6.978  ;
; SW08       ; Hex5_1      ; 7.059  ;        ;        ; 7.059  ;
; SW08       ; Hex5_2      ; 7.059  ; 7.059  ; 7.059  ; 7.059  ;
; SW08       ; Hex5_3      ; 6.814  ; 6.814  ; 6.814  ; 6.814  ;
; SW08       ; Hex5_4      ; 6.773  ; 6.773  ; 6.773  ; 6.773  ;
; SW08       ; Hex5_5      ; 6.782  ; 6.782  ; 6.782  ; 6.782  ;
; SW08       ; Hex5_6      ; 7.048  ; 7.048  ; 7.048  ; 7.048  ;
; SW09       ; Hex5_0      ; 7.103  ; 7.103  ; 7.103  ; 7.103  ;
; SW09       ; Hex5_1      ; 7.181  ; 7.181  ; 7.181  ; 7.181  ;
; SW09       ; Hex5_2      ; 7.182  ; 7.182  ; 7.182  ; 7.182  ;
; SW09       ; Hex5_3      ; 6.915  ; 6.915  ; 6.915  ; 6.915  ;
; SW09       ; Hex5_4      ; 6.907  ; 6.907  ; 6.907  ; 6.907  ;
; SW09       ; Hex5_5      ; 6.910  ; 6.910  ; 6.910  ; 6.910  ;
; SW09       ; Hex5_6      ; 7.174  ; 7.174  ; 7.174  ; 7.174  ;
; SW10       ; Hex6_0      ; 4.947  ; 4.947  ; 4.947  ; 4.947  ;
; SW10       ; Hex6_1      ; 5.061  ; 5.061  ; 5.061  ; 5.061  ;
; SW10       ; Hex6_2      ; 5.070  ; 5.070  ; 5.070  ; 5.070  ;
; SW10       ; Hex6_3      ; 5.391  ; 5.391  ; 5.391  ; 5.391  ;
; SW10       ; Hex6_4      ; 5.379  ;        ;        ; 5.379  ;
; SW10       ; Hex6_5      ; 5.360  ;        ;        ; 5.360  ;
; SW10       ; Hex6_6      ; 5.378  ; 5.378  ; 5.378  ; 5.378  ;
; SW11       ; Hex6_0      ; 4.857  ; 4.857  ; 4.857  ; 4.857  ;
; SW11       ; Hex6_1      ; 4.971  ; 4.971  ; 4.971  ; 4.971  ;
; SW11       ; Hex6_2      ; 4.980  ; 4.980  ; 4.980  ; 4.980  ;
; SW11       ; Hex6_3      ; 5.304  ; 5.304  ; 5.304  ; 5.304  ;
; SW11       ; Hex6_4      ; 5.310  ; 5.310  ; 5.310  ; 5.310  ;
; SW11       ; Hex6_5      ; 5.288  ; 5.288  ; 5.288  ; 5.288  ;
; SW11       ; Hex6_6      ; 5.303  ; 5.303  ; 5.303  ; 5.303  ;
; SW12       ; Hex6_0      ; 5.133  ; 5.133  ; 5.133  ; 5.133  ;
; SW12       ; Hex6_1      ; 5.247  ;        ;        ; 5.247  ;
; SW12       ; Hex6_2      ; 5.256  ; 5.256  ; 5.256  ; 5.256  ;
; SW12       ; Hex6_3      ; 5.573  ; 5.573  ; 5.573  ; 5.573  ;
; SW12       ; Hex6_4      ; 5.579  ; 5.579  ; 5.579  ; 5.579  ;
; SW12       ; Hex6_5      ; 5.559  ; 5.559  ; 5.559  ; 5.559  ;
; SW12       ; Hex6_6      ; 5.574  ; 5.574  ; 5.574  ; 5.574  ;
; SW13       ; Hex6_0      ; 9.701  ; 9.701  ; 9.701  ; 9.701  ;
; SW13       ; Hex6_1      ; 9.814  ; 9.814  ; 9.814  ; 9.814  ;
; SW13       ; Hex6_2      ; 9.822  ; 9.822  ; 9.822  ; 9.822  ;
; SW13       ; Hex6_3      ; 10.117 ; 10.117 ; 10.117 ; 10.117 ;
; SW13       ; Hex6_4      ; 10.133 ; 10.133 ; 10.133 ; 10.133 ;
; SW13       ; Hex6_5      ; 10.114 ; 10.114 ; 10.114 ; 10.114 ;
; SW13       ; Hex6_6      ; 10.132 ; 10.132 ; 10.132 ; 10.132 ;
; SW14       ; Hex7_0      ; 10.141 ; 10.141 ; 10.141 ; 10.141 ;
; SW14       ; Hex7_1      ; 10.141 ; 10.141 ; 10.141 ; 10.141 ;
; SW14       ; Hex7_2      ; 10.107 ; 10.107 ; 10.107 ; 10.107 ;
; SW14       ; Hex7_3      ; 10.121 ; 10.121 ; 10.121 ; 10.121 ;
; SW14       ; Hex7_4      ; 10.103 ;        ;        ; 10.103 ;
; SW14       ; Hex7_5      ; 10.413 ;        ;        ; 10.413 ;
; SW14       ; Hex7_6      ; 10.421 ; 10.421 ; 10.421 ; 10.421 ;
; SW15       ; Hex7_0      ; 9.737  ; 9.737  ; 9.737  ; 9.737  ;
; SW15       ; Hex7_1      ; 9.759  ; 9.759  ; 9.759  ; 9.759  ;
; SW15       ; Hex7_2      ; 9.728  ; 9.728  ; 9.728  ; 9.728  ;
; SW15       ; Hex7_3      ; 9.740  ; 9.740  ; 9.740  ; 9.740  ;
; SW15       ; Hex7_4      ; 9.726  ; 9.726  ; 9.726  ; 9.726  ;
; SW15       ; Hex7_5      ; 10.033 ; 10.033 ; 10.033 ; 10.033 ;
; SW15       ; Hex7_6      ; 10.045 ; 10.045 ; 10.045 ; 10.045 ;
; SW16       ; Hex7_0      ; 9.790  ; 9.790  ; 9.790  ; 9.790  ;
; SW16       ; Hex7_1      ; 9.794  ;        ;        ; 9.794  ;
; SW16       ; Hex7_2      ; 9.734  ; 9.734  ; 9.734  ; 9.734  ;
; SW16       ; Hex7_3      ; 9.780  ; 9.780  ; 9.780  ; 9.780  ;
; SW16       ; Hex7_4      ; 9.767  ; 9.767  ; 9.767  ; 9.767  ;
; SW16       ; Hex7_5      ; 10.074 ; 10.074 ; 10.074 ; 10.074 ;
; SW16       ; Hex7_6      ; 10.086 ; 10.086 ; 10.086 ; 10.086 ;
; SW17       ; Hex7_0      ; 9.511  ; 9.511  ; 9.511  ; 9.511  ;
; SW17       ; Hex7_1      ; 9.510  ; 9.510  ; 9.510  ; 9.510  ;
; SW17       ; Hex7_2      ; 9.477  ; 9.477  ; 9.477  ; 9.477  ;
; SW17       ; Hex7_3      ; 9.501  ; 9.501  ; 9.501  ; 9.501  ;
; SW17       ; Hex7_4      ; 9.489  ; 9.489  ; 9.489  ; 9.489  ;
; SW17       ; Hex7_5      ; 9.797  ; 9.797  ; 9.797  ; 9.797  ;
; SW17       ; Hex7_6      ; 9.806  ; 9.806  ; 9.806  ; 9.806  ;
+------------+-------------+--------+--------+--------+--------+


+----------------------------------------------------------+
; Minimum Progagation Delay                                ;
+------------+-------------+-------+-------+-------+-------+
; Input Port ; Output Port ; RR    ; RF    ; FR    ; FF    ;
+------------+-------------+-------+-------+-------+-------+
; SW02       ; Hex4_0      ; 3.519 ; 3.519 ; 3.519 ; 3.519 ;
; SW02       ; Hex4_1      ; 3.534 ; 3.534 ; 3.534 ; 3.534 ;
; SW02       ; Hex4_2      ; 3.527 ; 3.527 ; 3.527 ; 3.527 ;
; SW02       ; Hex4_3      ; 3.637 ; 3.637 ; 3.637 ; 3.637 ;
; SW02       ; Hex4_4      ; 3.607 ;       ;       ; 3.607 ;
; SW02       ; Hex4_5      ; 3.657 ;       ;       ; 3.657 ;
; SW02       ; Hex4_6      ; 3.673 ; 3.673 ; 3.673 ; 3.673 ;
; SW03       ; Hex4_0      ; 3.312 ; 3.312 ; 3.312 ; 3.312 ;
; SW03       ; Hex4_1      ; 3.313 ; 3.313 ; 3.313 ; 3.313 ;
; SW03       ; Hex4_2      ; 3.320 ; 3.320 ; 3.320 ; 3.320 ;
; SW03       ; Hex4_3      ; 3.419 ; 3.419 ; 3.419 ; 3.419 ;
; SW03       ; Hex4_4      ; 3.385 ; 3.385 ; 3.385 ; 3.385 ;
; SW03       ; Hex4_5      ; 3.441 ; 3.441 ; 3.441 ; 3.441 ;
; SW03       ; Hex4_6      ; 3.459 ; 3.459 ; 3.459 ; 3.459 ;
; SW04       ; Hex4_0      ; 3.449 ; 3.449 ; 3.449 ; 3.449 ;
; SW04       ; Hex4_1      ; 3.458 ;       ;       ; 3.458 ;
; SW04       ; Hex4_2      ; 3.457 ; 3.457 ; 3.457 ; 3.457 ;
; SW04       ; Hex4_3      ; 3.561 ; 3.561 ; 3.561 ; 3.561 ;
; SW04       ; Hex4_4      ; 3.531 ; 3.531 ; 3.531 ; 3.531 ;
; SW04       ; Hex4_5      ; 3.580 ; 3.580 ; 3.580 ; 3.580 ;
; SW04       ; Hex4_6      ; 3.596 ; 3.596 ; 3.596 ; 3.596 ;
; SW05       ; Hex4_0      ; 3.355 ; 3.355 ; 3.355 ; 3.355 ;
; SW05       ; Hex4_1      ; 3.373 ; 3.373 ; 3.373 ; 3.373 ;
; SW05       ; Hex4_2      ; 3.364 ; 3.364 ; 3.364 ; 3.364 ;
; SW05       ; Hex4_3      ; 3.476 ; 3.476 ; 3.476 ; 3.476 ;
; SW05       ; Hex4_4      ; 3.446 ; 3.446 ; 3.446 ; 3.446 ;
; SW05       ; Hex4_5      ; 3.494 ; 3.494 ; 3.494 ; 3.494 ;
; SW05       ; Hex4_6      ; 3.512 ; 3.512 ; 3.512 ; 3.512 ;
; SW06       ; Hex5_0      ; 3.590 ; 3.590 ; 3.590 ; 3.590 ;
; SW06       ; Hex5_1      ; 3.604 ; 3.604 ; 3.604 ; 3.604 ;
; SW06       ; Hex5_2      ; 3.604 ; 3.604 ; 3.604 ; 3.604 ;
; SW06       ; Hex5_3      ; 3.508 ; 3.508 ; 3.508 ; 3.508 ;
; SW06       ; Hex5_4      ; 3.480 ;       ;       ; 3.480 ;
; SW06       ; Hex5_5      ; 3.479 ;       ;       ; 3.479 ;
; SW06       ; Hex5_6      ; 3.611 ; 3.611 ; 3.611 ; 3.611 ;
; SW07       ; Hex5_0      ; 3.525 ; 3.525 ; 3.525 ; 3.525 ;
; SW07       ; Hex5_1      ; 3.544 ; 3.544 ; 3.544 ; 3.544 ;
; SW07       ; Hex5_2      ; 3.544 ; 3.544 ; 3.544 ; 3.544 ;
; SW07       ; Hex5_3      ; 3.459 ; 3.459 ; 3.459 ; 3.459 ;
; SW07       ; Hex5_4      ; 3.437 ; 3.437 ; 3.437 ; 3.437 ;
; SW07       ; Hex5_5      ; 3.438 ; 3.438 ; 3.438 ; 3.438 ;
; SW07       ; Hex5_6      ; 3.563 ; 3.563 ; 3.563 ; 3.563 ;
; SW08       ; Hex5_0      ; 3.619 ; 3.619 ; 3.619 ; 3.619 ;
; SW08       ; Hex5_1      ; 3.637 ;       ;       ; 3.637 ;
; SW08       ; Hex5_2      ; 3.633 ; 3.633 ; 3.633 ; 3.633 ;
; SW08       ; Hex5_3      ; 3.541 ; 3.541 ; 3.541 ; 3.541 ;
; SW08       ; Hex5_4      ; 3.508 ; 3.508 ; 3.508 ; 3.508 ;
; SW08       ; Hex5_5      ; 3.510 ; 3.510 ; 3.510 ; 3.510 ;
; SW08       ; Hex5_6      ; 3.641 ; 3.641 ; 3.641 ; 3.641 ;
; SW09       ; Hex5_0      ; 3.692 ; 3.692 ; 3.692 ; 3.692 ;
; SW09       ; Hex5_1      ; 3.703 ; 3.703 ; 3.703 ; 3.703 ;
; SW09       ; Hex5_2      ; 3.702 ; 3.702 ; 3.702 ; 3.702 ;
; SW09       ; Hex5_3      ; 3.608 ; 3.608 ; 3.608 ; 3.608 ;
; SW09       ; Hex5_4      ; 3.582 ; 3.582 ; 3.582 ; 3.582 ;
; SW09       ; Hex5_5      ; 3.583 ; 3.583 ; 3.583 ; 3.583 ;
; SW09       ; Hex5_6      ; 3.712 ; 3.712 ; 3.712 ; 3.712 ;
; SW10       ; Hex6_0      ; 2.581 ; 2.581 ; 2.581 ; 2.581 ;
; SW10       ; Hex6_1      ; 2.627 ; 2.627 ; 2.627 ; 2.627 ;
; SW10       ; Hex6_2      ; 2.631 ; 2.631 ; 2.631 ; 2.631 ;
; SW10       ; Hex6_3      ; 2.814 ; 2.814 ; 2.814 ; 2.814 ;
; SW10       ; Hex6_4      ; 2.807 ;       ;       ; 2.807 ;
; SW10       ; Hex6_5      ; 2.785 ;       ;       ; 2.785 ;
; SW10       ; Hex6_6      ; 2.796 ; 2.796 ; 2.796 ; 2.796 ;
; SW11       ; Hex6_0      ; 2.547 ; 2.547 ; 2.547 ; 2.547 ;
; SW11       ; Hex6_1      ; 2.596 ; 2.596 ; 2.596 ; 2.596 ;
; SW11       ; Hex6_2      ; 2.600 ; 2.600 ; 2.600 ; 2.600 ;
; SW11       ; Hex6_3      ; 2.787 ; 2.787 ; 2.787 ; 2.787 ;
; SW11       ; Hex6_4      ; 2.793 ; 2.793 ; 2.793 ; 2.793 ;
; SW11       ; Hex6_5      ; 2.771 ; 2.771 ; 2.771 ; 2.771 ;
; SW11       ; Hex6_6      ; 2.779 ; 2.779 ; 2.779 ; 2.779 ;
; SW12       ; Hex6_0      ; 2.667 ; 2.667 ; 2.667 ; 2.667 ;
; SW12       ; Hex6_1      ; 2.717 ;       ;       ; 2.717 ;
; SW12       ; Hex6_2      ; 2.718 ; 2.718 ; 2.718 ; 2.718 ;
; SW12       ; Hex6_3      ; 2.904 ; 2.904 ; 2.904 ; 2.904 ;
; SW12       ; Hex6_4      ; 2.907 ; 2.907 ; 2.907 ; 2.907 ;
; SW12       ; Hex6_5      ; 2.885 ; 2.885 ; 2.885 ; 2.885 ;
; SW12       ; Hex6_6      ; 2.893 ; 2.893 ; 2.893 ; 2.893 ;
; SW13       ; Hex6_0      ; 5.389 ; 5.389 ; 5.389 ; 5.389 ;
; SW13       ; Hex6_1      ; 5.432 ; 5.432 ; 5.432 ; 5.432 ;
; SW13       ; Hex6_2      ; 5.435 ; 5.435 ; 5.435 ; 5.435 ;
; SW13       ; Hex6_3      ; 5.619 ; 5.619 ; 5.619 ; 5.619 ;
; SW13       ; Hex6_4      ; 5.607 ; 5.607 ; 5.607 ; 5.607 ;
; SW13       ; Hex6_5      ; 5.592 ; 5.592 ; 5.592 ; 5.592 ;
; SW13       ; Hex6_6      ; 5.601 ; 5.601 ; 5.601 ; 5.601 ;
; SW14       ; Hex7_0      ; 5.649 ; 5.649 ; 5.649 ; 5.649 ;
; SW14       ; Hex7_1      ; 5.645 ; 5.645 ; 5.645 ; 5.645 ;
; SW14       ; Hex7_2      ; 5.614 ; 5.614 ; 5.614 ; 5.614 ;
; SW14       ; Hex7_3      ; 5.615 ; 5.615 ; 5.615 ; 5.615 ;
; SW14       ; Hex7_4      ; 5.610 ;       ;       ; 5.610 ;
; SW14       ; Hex7_5      ; 5.768 ;       ;       ; 5.768 ;
; SW14       ; Hex7_6      ; 5.769 ; 5.769 ; 5.769 ; 5.769 ;
; SW15       ; Hex7_0      ; 5.456 ; 5.456 ; 5.456 ; 5.456 ;
; SW15       ; Hex7_1      ; 5.456 ; 5.456 ; 5.456 ; 5.456 ;
; SW15       ; Hex7_2      ; 5.424 ; 5.424 ; 5.424 ; 5.424 ;
; SW15       ; Hex7_3      ; 5.434 ; 5.434 ; 5.434 ; 5.434 ;
; SW15       ; Hex7_4      ; 5.421 ; 5.421 ; 5.421 ; 5.421 ;
; SW15       ; Hex7_5      ; 5.577 ; 5.577 ; 5.577 ; 5.577 ;
; SW15       ; Hex7_6      ; 5.581 ; 5.581 ; 5.581 ; 5.581 ;
; SW16       ; Hex7_0      ; 5.498 ; 5.498 ; 5.498 ; 5.498 ;
; SW16       ; Hex7_1      ; 5.497 ;       ;       ; 5.497 ;
; SW16       ; Hex7_2      ; 5.468 ; 5.468 ; 5.468 ; 5.468 ;
; SW16       ; Hex7_3      ; 5.473 ; 5.473 ; 5.473 ; 5.473 ;
; SW16       ; Hex7_4      ; 5.468 ; 5.468 ; 5.468 ; 5.468 ;
; SW16       ; Hex7_5      ; 5.626 ; 5.626 ; 5.626 ; 5.626 ;
; SW16       ; Hex7_6      ; 5.624 ; 5.624 ; 5.624 ; 5.624 ;
; SW17       ; Hex7_0      ; 5.373 ; 5.373 ; 5.373 ; 5.373 ;
; SW17       ; Hex7_1      ; 5.373 ; 5.373 ; 5.373 ; 5.373 ;
; SW17       ; Hex7_2      ; 5.342 ; 5.342 ; 5.342 ; 5.342 ;
; SW17       ; Hex7_3      ; 5.353 ; 5.353 ; 5.353 ; 5.353 ;
; SW17       ; Hex7_4      ; 5.351 ; 5.351 ; 5.351 ; 5.351 ;
; SW17       ; Hex7_5      ; 5.504 ; 5.504 ; 5.504 ; 5.504 ;
; SW17       ; Hex7_6      ; 5.507 ; 5.507 ; 5.507 ; 5.507 ;
+------------+-------------+-------+-------+-------+-------+


-------------------
; Clock Transfers ;
-------------------
Nothing to report.


---------------
; Report TCCS ;
---------------
No dedicated SERDES Transmitter circuitry present in device or used in design


---------------
; Report RSKM ;
---------------
No dedicated SERDES Receiver circuitry present in device or used in design


+------------------------------------------------+
; Unconstrained Paths                            ;
+---------------------------------+-------+------+
; Property                        ; Setup ; Hold ;
+---------------------------------+-------+------+
; Illegal Clocks                  ; 0     ; 0    ;
; Unconstrained Clocks            ; 0     ; 0    ;
; Unconstrained Input Ports       ; 16    ; 16   ;
; Unconstrained Input Port Paths  ; 112   ; 112  ;
; Unconstrained Output Ports      ; 28    ; 28   ;
; Unconstrained Output Port Paths ; 112   ; 112  ;
+---------------------------------+-------+------+


+------------------------------------+
; TimeQuest Timing Analyzer Messages ;
+------------------------------------+
Info: *******************************************************************
Info: Running Quartus II 64-Bit TimeQuest Timing Analyzer
    Info: Version 12.1 Build 243 01/31/2013 Service Pack 1 SJ Full Version
    Info: Processing started: Thu Jun  9 15:00:13 2016
Info: Command: quartus_sta lab05step1 -c lab05step1
Info: qsta_default_script.tcl version: #1
Info (11104): Parallel Compilation has detected 8 hyper-threaded processors. However, the extra hyper-threaded processors will not be used by default. Parallel Compilation will use 4 of the 4 physical processors detected instead.
Info (21077): Low junction temperature is 0 degrees C
Info (21077): High junction temperature is 85 degrees C
Critical Warning (332012): Synopsys Design Constraints File file not found: 'lab05step1.sdc'. A Synopsys Design Constraints File is required by the TimeQuest Timing Analyzer to get proper timing constraints. Without it, the Compiler will not properly optimize the design.
Info (332142): No user constrained base clocks found in the design. Calling "derive_clocks -period 1.0"
Info (332096): The command derive_clocks did not find any clocks to derive.  No clocks were created or changed.
Warning (332068): No clocks defined in design.
Info: Found TIMEQUEST_REPORT_SCRIPT_INCLUDE_DEFAULT_ANALYSIS = ON
Info (332159): No clocks to report
Info: Analyzing Slow Model
Info (332140): No fmax paths to report
Info (332140): No Setup paths to report
Info (332140): No Hold paths to report
Info (332140): No Recovery paths to report
Info (332140): No Removal paths to report
Info (332140): No Minimum Pulse Width paths to report
Info (332001): The selected device family is not supported by the report_metastability command.
Info: Analyzing Fast Model
Info (332142): No user constrained base clocks found in the design. Calling "derive_clocks -period 1.0"
Info (332096): The command derive_clocks did not find any clocks to derive.  No clocks were created or changed.
Warning (332068): No clocks defined in design.
Info (332140): No Setup paths to report
Info (332140): No Hold paths to report
Info (332140): No Recovery paths to report
Info (332140): No Removal paths to report
Info (332140): No Minimum Pulse Width paths to report
Info (332001): The selected device family is not supported by the report_metastability command.
Info (332102): Design is not fully constrained for setup requirements
Info (332102): Design is not fully constrained for hold requirements
Info: Quartus II 64-Bit TimeQuest Timing Analyzer was successful. 0 errors, 3 warnings
    Info: Peak virtual memory: 601 megabytes
    Info: Processing ended: Thu Jun  9 15:00:14 2016
    Info: Elapsed time: 00:00:01
    Info: Total CPU time (on all processors): 00:00:00


